// Jest Snapshot v1, https://goo.gl/fbAQLP

exports[`A <RouterView> does not render a 2nd route that also matches the URL 1`] = `
<h1>
  Home
</h1>
`;

exports[`A <RouterView> renders the first route that matches the URL 1`] = `
<h1>
  Home
</h1>
`;

exports[`A <RouterView> renders with nested routes 1`] = `
Array [
  <h1>
    Admin
  </h1>,
  <h1>
    User
  </h1>,
]
`;
