// Jest Snapshot v1, https://goo.gl/fbAQLP

exports[`useRoutes returns the matching element from a route config 1`] = `
<h1>
  Home
</h1>
`;
