
  x next/dynamic requires at least one argument
   ,-[input.js:3:1]
 3 | const DynamicComponent = dynamic()
   :                          ^^^^^^^
   `----
