
  x next/dynamic options must be an object literal.
  | Read more: https://nextjs.org/docs/messages/invalid-dynamic-options-type
   ,-[input.js:4:1]
 4 | const DynamicComponentWithCustomLoading = dynamic(
   :                                           ^^^^^^^
   `----
