
  x next/dynamic only accepts 2 arguments
   ,-[input.js:3:1]
 3 | const DynamicComponentWithCustomLoading = dynamic(
   :                                           ^^^^^^^
   `----
